SQL> select * from emp where job like 'S%';

     EMPNO ENAME      JOB              MGR HIREDATE         SAL       COMM      
---------- ---------- --------- ---------- --------- ---------- ----------      
    DEPTNO                                                                      
----------                                                                      
      7499 ALLEN      SALESMAN        7698 20-FEB-81       1600        300      
        30                                                                      
                                                                                
      7521 WARD       SALESMAN        7698 22-FEB-81       1250        500      
        30                                                                      
                                                                                
      7654 MARTIN     SALESMAN        7698 28-SEP-81       1250       1400      
        30                                                                      
                                                                                

     EMPNO ENAME      JOB              MGR HIREDATE         SAL       COMM      
---------- ---------- --------- ---------- --------- ---------- ----------      
    DEPTNO                                                                      
----------                                                                      
      7844 TURNER     SALESMAN        7698 08-SEP-81       1500          0      
        30                                                                      
                                                                                

SQL> select * from emp where job like 'S';

no rows selected

SQL> select * from emp where ename like 'S_I%H';

     EMPNO ENAME      JOB              MGR HIREDATE         SAL       COMM      
---------- ---------- --------- ---------- --------- ---------- ----------      
    DEPTNO                                                                      
----------                                                                      
      7369 SMITH      CLERK           7902 17-DEC-80        800                 
        20                                                                      
                                                                                

SQL>  select * from emp where ename like 'S_I%H'
  2  
SQL>  select * from emp where ename like 'S_I_H'';
ERROR:
ORA-01756: quoted string not properly terminated 


SQL>  select * from emp where ename like 'S_I_H';

     EMPNO ENAME      JOB              MGR HIREDATE         SAL       COMM      
---------- ---------- --------- ---------- --------- ---------- ----------      
    DEPTNO                                                                      
----------                                                                      
      7369 SMITH      CLERK           7902 17-DEC-80        800                 
        20                                                                      
                                                                                

SQL> select * from emp where job like '%N%';

     EMPNO ENAME      JOB              MGR HIREDATE         SAL       COMM      
---------- ---------- --------- ---------- --------- ---------- ----------      
    DEPTNO                                                                      
----------                                                                      
      7499 ALLEN      SALESMAN        7698 20-FEB-81       1600        300      
        30                                                                      
                                                                                
      7521 WARD       SALESMAN        7698 22-FEB-81       1250        500      
        30                                                                      
                                                                                
      7566 JONES      MANAGER         7839 02-APR-81       2975                 
        20                                                                      
                                                                                

     EMPNO ENAME      JOB              MGR HIREDATE         SAL       COMM      
---------- ---------- --------- ---------- --------- ---------- ----------      
    DEPTNO                                                                      
----------                                                                      
      7654 MARTIN     SALESMAN        7698 28-SEP-81       1250       1400      
        30                                                                      
                                                                                
      7698 BLAKE      MANAGER         7839 01-MAY-81       2850                 
        30                                                                      
                                                                                
      7782 CLARK      MANAGER         7839 09-JUN-81       2450                 
        10                                                                      
                                                                                

     EMPNO ENAME      JOB              MGR HIREDATE         SAL       COMM      
---------- ---------- --------- ---------- --------- ---------- ----------      
    DEPTNO                                                                      
----------                                                                      
      7788 SCOTT      ANALYST         7566 19-APR-87       3000                 
        20                                                                      
                                                                                
      7839 KING       PRESIDENT            17-NOV-81       5000                 
        10                                                                      
                                                                                
      7844 TURNER     SALESMAN        7698 08-SEP-81       1500          0      
        30                                                                      
                                                                                

     EMPNO ENAME      JOB              MGR HIREDATE         SAL       COMM      
---------- ---------- --------- ---------- --------- ---------- ----------      
    DEPTNO                                                                      
----------                                                                      
      7902 FORD       ANALYST         7566 03-DEC-81       3000                 
        20                                                                      
                                                                                

10 rows selected.

SQL> select * from emp;

     EMPNO ENAME      JOB              MGR HIREDATE         SAL       COMM      
---------- ---------- --------- ---------- --------- ---------- ----------      
    DEPTNO                                                                      
----------                                                                      
      7369 SMITH      CLERK           7902 17-DEC-80        800                 
        20                                                                      
                                                                                
      7499 ALLEN      SALESMAN        7698 20-FEB-81       1600        300      
        30                                                                      
                                                                                
      7521 WARD       SALESMAN        7698 22-FEB-81       1250        500      
        30                                                                      
                                                                                

     EMPNO ENAME      JOB              MGR HIREDATE         SAL       COMM      
---------- ---------- --------- ---------- --------- ---------- ----------      
    DEPTNO                                                                      
----------                                                                      
      7566 JONES      MANAGER         7839 02-APR-81       2975                 
        20                                                                      
                                                                                
      7654 MARTIN     SALESMAN        7698 28-SEP-81       1250       1400      
        30                                                                      
                                                                                
      7698 BLAKE      MANAGER         7839 01-MAY-81       2850                 
        30                                                                      
                                                                                

     EMPNO ENAME      JOB              MGR HIREDATE         SAL       COMM      
---------- ---------- --------- ---------- --------- ---------- ----------      
    DEPTNO                                                                      
----------                                                                      
      7782 CLARK      MANAGER         7839 09-JUN-81       2450                 
        10                                                                      
                                                                                
      7788 SCOTT      ANALYST         7566 19-APR-87       3000                 
        20                                                                      
                                                                                
      7839 KING       PRESIDENT            17-NOV-81       5000                 
        10                                                                      
                                                                                

     EMPNO ENAME      JOB              MGR HIREDATE         SAL       COMM      
---------- ---------- --------- ---------- --------- ---------- ----------      
    DEPTNO                                                                      
----------                                                                      
      7844 TURNER     SALESMAN        7698 08-SEP-81       1500          0      
        30                                                                      
                                                                                
      7876 ADAMS      CLERK           7788 23-MAY-87       1100                 
        20                                                                      
                                                                                
      7900 JAMES      CLERK           7698 03-DEC-81        950                 
        30                                                                      
                                                                                

     EMPNO ENAME      JOB              MGR HIREDATE         SAL       COMM      
---------- ---------- --------- ---------- --------- ---------- ----------      
    DEPTNO                                                                      
----------                                                                      
      7902 FORD       ANALYST         7566 03-DEC-81       3000                 
        20                                                                      
                                                                                
      7934 MILLER     CLERK           7782 23-JAN-82       1300                 
        10                                                                      
                                                                                

14 rows selected.

SQL> select* from emp where ename like 'S___Y' or like 'S%';
select* from emp where ename like 'S___Y' or like 'S%'
                                             *
ERROR at line 1:
ORA-00936: missing expression 


SQL>  select* from emp where ename like 'S___Y' or ename like 'S%';

     EMPNO ENAME      JOB              MGR HIREDATE         SAL       COMM      
---------- ---------- --------- ---------- --------- ---------- ----------      
    DEPTNO                                                                      
----------                                                                      
      7369 SMITH      CLERK           7902 17-DEC-80        800                 
        20                                                                      
                                                                                
      7788 SCOTT      ANALYST         7566 19-APR-87       3000                 
        20                                                                      
                                                                                

SQL> slect * from emp where empno like '7%' and hiredate like '19%';
SP2-0734: unknown command beginning "slect * fr..." - rest of line ignored.
SQL> select * from emp where empno like '7%' and hiredate like '19%';

     EMPNO ENAME      JOB              MGR HIREDATE         SAL       COMM      
---------- ---------- --------- ---------- --------- ---------- ----------      
    DEPTNO                                                                      
----------                                                                      
      7788 SCOTT      ANALYST         7566 19-APR-87       3000                 
        20                                                                      
                                                                                

SQL> select pagesize 20
  2  
SQL> select linesize 90
  2  
SQL> set  pagesize 20
SQL> set  linesize 90
SQL>  select * from emp where empno like '__69'  and hiredate like '19%';

no rows selected

SQL> select * from emp where like '%0%';
select * from emp where like '%0%'
                        *
ERROR at line 1:
ORA-00936: missing expression 


SQL> select * from emp where ename like '_C__T';

     EMPNO ENAME      JOB              MGR HIREDATE         SAL       COMM     DEPTNO     
---------- ---------- --------- ---------- --------- ---------- ---------- ----------     
      7788 SCOTT      ANALYST         7566 19-APR-87       3000                    20     

SQL> select* from emp where hiredate like '__-A__-87';

     EMPNO ENAME      JOB              MGR HIREDATE         SAL       COMM     DEPTNO     
---------- ---------- --------- ---------- --------- ---------- ---------- ----------     
      7788 SCOTT      ANALYST         7566 19-APR-87       3000                    20     

SQL> select *from emp where job like 'S%N';

     EMPNO ENAME      JOB              MGR HIREDATE         SAL       COMM     DEPTNO     
---------- ---------- --------- ---------- --------- ---------- ---------- ----------     
      7499 ALLEN      SALESMAN        7698 20-FEB-81       1600        300         30     
      7521 WARD       SALESMAN        7698 22-FEB-81       1250        500         30     
      7654 MARTIN     SALESMAN        7698 28-SEP-81       1250       1400         30     
      7844 TURNER     SALESMAN        7698 08-SEP-81       1500          0         30     

SQL> select* from emp where ename like '____';

     EMPNO ENAME      JOB              MGR HIREDATE         SAL       COMM     DEPTNO     
---------- ---------- --------- ---------- --------- ---------- ---------- ----------     
      7521 WARD       SALESMAN        7698 22-FEB-81       1250        500         30     
      7839 KING       PRESIDENT            17-NOV-81       5000                    10     
      7902 FORD       ANALYST         7566 03-DEC-81       3000                    20     

SQL> select * from dept where loc like'%o%;
ERROR:
ORA-01756: quoted string not properly terminated 


SQL>  select * from dept where loc like'%O%;
ERROR:
ORA-01756: quoted string not properly terminated 


SQL>  select * from dept where loc like'%O%';

    DEPTNO DNAME          LOC                                                             
---------- -------------- -------------                                                   
        10 ACCOUNTING     NEW YORK                                                        
        30 SALES          CHICAGO                                                         
        40 OPERATIONS     BOSTON                                                          

SQL> spool off;
